Archive member included because of file (symbol)

board/mv_feroceon/config_kw/libconfig_kw.a(platform.o)
                              cpu/arm926ejs/start.o (lowlevel_init)
board/mv_feroceon/config_kw/libconfig_kw.a(mvTwsiEeprom.o)
                              board/mv_feroceon/config_kw/libconfig_kw.a(platform.o) (_i2cInit)
board/mv_feroceon/config_kw/libconfig_kw.a(mv_cmd.o)
                              (__u_boot_cmd_bubt)
board/mv_feroceon/config_kw/libconfig_kw.a(mv_main.o)
                              board/mv_feroceon/config_kw/libconfig_kw.a(mv_cmd.o) (recoveryHandle)
board/mv_feroceon/config_kw/libconfig_kw.a(mvCtrlEnvLib.o)
                              board/mv_feroceon/config_kw/libconfig_kw.a(mv_main.o) (mvCtrlMppRegGet)
board/mv_feroceon/config_kw/libconfig_kw.a(mvAhbToMbus.o)
                              board/mv_feroceon/config_kw/libconfig_kw.a(mvCtrlEnvLib.o) (mvAhbToMbusAddDecShow)
board/mv_feroceon/config_kw/libconfig_kw.a(mvCpuIf.o)
                              board/mv_feroceon/config_kw/libconfig_kw.a(mvCtrlEnvLib.o) (mvCpuIfAddDecShow)
board/mv_feroceon/config_kw/libconfig_kw.a(mvSysXor.o)
                              board/mv_feroceon/config_kw/libconfig_kw.a(mvCtrlEnvLib.o) (mvXorAddrDecShow)
board/mv_feroceon/config_kw/libconfig_kw.a(mvSysDram.o)
                              board/mv_feroceon/config_kw/libconfig_kw.a(mvCpuIf.o) (mvDramIfWinGet)
board/mv_feroceon/config_kw/libconfig_kw.a(mvSysGbe.o)
                              board/mv_feroceon/config_kw/libconfig_kw.a(mvCtrlEnvLib.o) (mvEthAddrDecShow)
board/mv_feroceon/config_kw/libconfig_kw.a(mvSysTs.o)
                              board/mv_feroceon/config_kw/libconfig_kw.a(mvCtrlEnvLib.o) (mvTsuAddrDecShow)
board/mv_feroceon/config_kw/libconfig_kw.a(mvSysPex.o)
                              board/mv_feroceon/config_kw/libconfig_kw.a(mvCtrlEnvLib.o) (mvPexAddrDecShow)
board/mv_feroceon/config_kw/libconfig_kw.a(mvSysUsb.o)
                              board/mv_feroceon/config_kw/libconfig_kw.a(mvCtrlEnvLib.o) (mvUsbAddrDecShow)
board/mv_feroceon/config_kw/libconfig_kw.a(mvCpu.o)
                              board/mv_feroceon/config_kw/libconfig_kw.a(mv_main.o) (mvCpuNameGet)
board/mv_feroceon/config_kw/libconfig_kw.a(mvBoardEnvLib.o)
                              board/mv_feroceon/config_kw/libconfig_kw.a(mv_main.o) (mvBoardIdGet)
board/mv_feroceon/config_kw/libconfig_kw.a(mvBoardEnvSpec.o)
                              board/mv_feroceon/config_kw/libconfig_kw.a(mvBoardEnvLib.o) (boardInfoTbl)
board/mv_feroceon/config_kw/libconfig_kw.a(mv_flash.o)
                              (__u_boot_cmd_sflash)
board/mv_feroceon/config_kw/libconfig_kw.a(mv_pageTable.o)
                              (__u_boot_cmd_cpumap)
board/mv_feroceon/config_kw/libconfig_kw.a(mv_mon_init.o)
                              board/mv_feroceon/config_kw/libconfig_kw.a(mv_pageTable.o) (PTexist)
board/mv_feroceon/config_kw/libconfig_kw.a(mv_pci.o)
                              (__u_boot_cmd_sp)
board/mv_feroceon/config_kw/libconfig_kw.a(mv_ide.o)
                              (__u_boot_cmd_ide)
board/mv_feroceon/config_kw/libconfig_kw.a(mv_protectionUnit.o)
                              board/mv_feroceon/config_kw/libconfig_kw.a(mv_pageTable.o) (mpuMap)
board/mv_feroceon/config_kw/libconfig_kw.a(mv_ext2_boot.o)
                              (__u_boot_cmd_bootext2)
board/mv_feroceon/config_kw/libconfig_kw.a(mvCommon.o)
                              board/mv_feroceon/config_kw/libconfig_kw.a(mv_main.o) (mvMacStrToHex)
board/mv_feroceon/config_kw/libconfig_kw.a(mvOs.o)
                              board/mv_feroceon/config_kw/libconfig_kw.a(mvCpu.o) (mvOsCpuPartGet)
board/mv_feroceon/config_kw/libconfig_kw.a(mvFlashCom.o)
                              board/mv_feroceon/config_kw/libconfig_kw.a(mv_flash.o) (mvFlashNumOfSecsGet)
board/mv_feroceon/config_kw/libconfig_kw.a(mvSata.o)
                              board/mv_feroceon/config_kw/libconfig_kw.a(mv_ide.o) (mvSataUnmaskAdapterInterrupt)
board/mv_feroceon/config_kw/libconfig_kw.a(mvStorageDev.o)
                              board/mv_feroceon/config_kw/libconfig_kw.a(mv_ide.o) (mvStorageDevSetDeviceType)
board/mv_feroceon/config_kw/libconfig_kw.a(mvSFlash.o)
                              board/mv_feroceon/config_kw/libconfig_kw.a(mv_flash.o) (mvSFlashSizeGet)
board/mv_feroceon/config_kw/libconfig_kw.a(mvEthPhy.o)
                              board/mv_feroceon/config_kw/libconfig_kw.a(mv_cmd.o) (mvEthPhyRegRead)
board/mv_feroceon/config_kw/libconfig_kw.a(mvRtc.o)
                              board/mv_feroceon/config_kw/libconfig_kw.a(mv_main.o) (mvRtcTimeGet)
board/mv_feroceon/config_kw/libconfig_kw.a(mvTwsi.o)
                              board/mv_feroceon/config_kw/libconfig_kw.a(mv_main.o) (mvTwsiInit)
board/mv_feroceon/config_kw/libconfig_kw.a(mvGpp.o)
                              board/mv_feroceon/config_kw/libconfig_kw.a(mv_main.o) (mvGppValueSet)
[...]
Memory Configuration

Name             Origin             Length             Attributes
*default*        0x00000000         0xffffffff

Linker script and memory map

                0x00600000                . = _start

.text           0x00600000    0x49b84
 cpu/arm926ejs/start.o(.text)
 .text          0x00600000      0x440 cpu/arm926ejs/start.o
                0x0060011c                _dcache_index_max
                0x00600120                _dcache_index_inc
                0x00600128                _dcache_set_index
                0x00600048                _bss_start
                0x0060004c                _bss_end
                0x00600044                _armboot_start
                0x00600000                _start
                0x0060012c                cpu_dcache_flush_all
                0x00600168                cpu_icache_flush_invalidate_all
                0x00600040                _TEXT_BASE
                0x00600124                _dcache_set_max
 *(.text)
 .text          0x00600440        0x0 board/mv_feroceon/USP/jump.o
 .text          0x00600440       0xa4 board/mv_feroceon/config_kw/libconfig_kw.a(platform.o)
                0x00600440                lowlevel_init
 .text          0x006004e4      0x304 board/mv_feroceon/config_kw/libconfig_kw.a(mvTwsiEeprom.o)
                0x006004e4                _i2cInit
                0x0060052c                _i2cRead
 .text          0x006007e8     0x11a4 board/mv_feroceon/config_kw/libconfig_kw.a(mv_cmd.o)
                0x00600cb4                phy_write_cmd
                0x00600de0                pcie_phy_read_cmd
                0x00600f88                fi_cmd
                0x0060081c                do_rcvr
                0x00600834                do_satr
                0x00601274                clk_cmd
                0x0060157c                nand_burn_nboot_cmd
                0x00601158                g_cmd
                0x006014fc                resetenv_cmd
                0x00600d18                phy_read_cmd
                0x00600e44                cmpm_cmd
                0x00601214                sg_cmd
                0x006010e8                mv_go
                0x006011fc                displayMemoryMap_cmd
                0x006012d8                ir_cmd
                0x006016b4                nand_burn_uboot_cmd
                0x00600d7c                pcie_phy_write_cmd
 .text          0x0060198c     0x2384 board/mv_feroceon/config_kw/libconfig_kw.a(mv_main.o)
                0x00603ce0                print_dev_id
                0x00601994                __aeabi_unwind_cpp_pr0
                0x00603b80                misc_init_r_dec_win
                0x00603660                set_shift_led_default
                0x00601a28                recoveryHandle
                0x00603aa0                print_mvBanner
                0x0060231c                wix_fw_update
                0x006019d4                lcm_delay
                0x00601c90                recoveryCheck
                0x006023a0                mvGetRtcSec
                0x00603604                set_led
                0x006023fc                mvTclkGet
                0x006039d8                display_lcm
                0x00602428                misc_init_r_env
                0x00601f5c                mv_cpu_init
                0x00603510                change_back_to_sample_b
                0x006038b4                set_ddram_address
                0x006038f4                show_lcm
                0x00603758                write_lcm
                0x00601e14                mv_set_power_scheme
                0x0060239c                reset_cpu
                0x006036a8                board_init
                0x0060399c                initialize_lcm
                0x00603874                send_pkg
                0x00603578                set_data_bus_mode
                0x00601d2c                mvMppModuleTypePrint
                0x006019ac                maskAllInt
                0x00601ca8                mvUpdateNorFlashBaseAddrBank
                0x0060199c                __aeabi_unwind_cpp_pr1
                0x00603c08                misc_init_r
                0x006023d0                mvSysClkGet
                0x006019a4                raise
 .text          0x00603d10      0xea4 board/mv_feroceon/config_kw/libconfig_kw.a(mvCtrlEnvLib.o)
                0x00603fd4                mvCtrlTargetNameGet
                0x00603da8                mvCtrlModelGet
                0x00603ea0                mvCtrlEthMaxPortGet
                0x006047f4                mvCtrlAddrDecShow
                0x0060415c                mvCtrlIsBootFromSPI
                0x00603d18                mvCtrlMppRegGet
                0x0060486c                mvCtrlModelRevNameGet
                0x00603f0c                ctrlWinOverlapTest
                0x00604928                mvCtrlEnvInit
                0x00603d98                mvCtrlXorMaxChanGet
                0x00604048                ctrlRegToSize
                0x006046a8                mvCtrlPwrMemGet
                0x00603da0                mvCtrlUsbMaxGet
                0x006040f8                mvCtrlSysRstLengthCounterGet
                0x006041c0                mvCtrlIsBootFromSPIUseNAND
                0x00603f78                ctrlWinWithinWinTest
                0x006047a8                mvMPPConfigToDefault
                0x00604294                mvCtrlPwrSaveOff
                0x00604204                mvCtrlIsBootFromNAND
                0x006040a8                ctrlSizeRegRoundUp
                0x00604538                mvCtrlPwrMemSet
                0x00604518                mvCtrlModelRevGet
                0x00603e58                mvCtrlNandSupport
                0x00603ff0                ctrlSizeToReg
                0x00604764                mvMPPConfigToSPI
                0x00604820                mvCtrlNameGet
                0x006044b8                mvCtrlRevGet
                0x00603e1c                mvCtrlTsSupport
                0x00603d90                mvCtrlPexMaxIfGet
                0x00604408                mvCtrlPwrClckGet
                0x00604268                mvCtrlPwrSaveOn
                0x006042c0                mvCtrlPwrClckSet
 .text          0x00604bb4      0x80c board/mv_feroceon/config_kw/libconfig_kw.a(mvAhbToMbus.o)
                0x00604fc4                mvAhbToMbusWinTargetGet
                0x00604bbc                mvAhbToMbusInit
                0x00605174                mvAhbToMbusWinTargetSwap
                0x00604cf4                mvAhbToMbusWinRemap
                0x00605040                mvAhbToMbusWinSet
                0x00604da4                mvAhbToMbusWinGet
                0x00604e9c                mvAhbToMbusAddDecShow
                0x00604bc4                mvAhbToMbusWinEnable
                0x00604f6c                mvAhbToMbusWinAvailGet
 .text          0x006053c0      0xa44 board/mv_feroceon/config_kw/libconfig_kw.a(mvCpuIf.o)
                0x006053c8                mvCpuIfEnablePex
                0x0060572c                mvCpuIfTargetOfBaseAddressGet
                0x00605acc                mvCpuIfTargetWinSet
                0x006058fc                mvCpuIfTargetWinSizeGet
                0x006059ac                mvCpuIfTargetWinEnable
                0x0060579c                mvCpuIfTargetWinBaseHighGet
                0x0060584c                mvCpuIfTargetWinBaseLowGet
                0x00605430                mvCpuIfPexRemap
                0x00605490                mvCpuIfTargetWinGet
                0x00605478                mvCpuIfPciIfRemap
                0x006055bc                mvCpuIfAddDecShow
                0x00605c0c                mvCpuIfInit
 .text          0x00605e04      0x788 board/mv_feroceon/config_kw/libconfig_kw.a(mvSysXor.o)
                0x00605e0c                mvXorProtWinSet
                0x00605f04                mvXorTargetWinGet
                0x0060604c                mvXorAddrDecShow
                0x00606490                mvXorInit
                0x006061ec                mvXorTargetWinEnable
                0x006062e4                mvXorTargetWinSet
                0x00605ebc                mvXorPciRemap
 .text          0x0060658c      0x278 board/mv_feroceon/config_kw/libconfig_kw.a(mvSysDram.o)
                0x00606594                mvDramIfWinGet
                0x00606738                mvDramIfWinSet
                0x006066a0                mvDramIfWinEnable
 .text          0x00606804      0x748 board/mv_feroceon/config_kw/libconfig_kw.a(mvSysGbe.o)
                0x00606998                mvEthPortAddrDecShow
                0x00606ab8                mvEthWinTargetGet
                0x00606bcc                mvEthWinEnable
                0x0060680c                mvEthProtWinSet
                0x00606c8c                mvEthWinInit
                0x00606efc                mvEthInit
                0x00606a74                mvEthAddrDecShow
 .text          0x00606f4c      0x514 board/mv_feroceon/config_kw/libconfig_kw.a(mvSysTs.o)
                0x00607428                mvTsuInit
                0x00607004                mvTsuAddrDecShow
                0x006071d8                mvTsuWinEnable
                0x00607270                mvTsuWinInit
                0x006070e8                mvTsuWinTargetGet
 .text          0x00607460      0xf70 board/mv_feroceon/config_kw/libconfig_kw.a(mvSysPex.o)
                0x00607b30                mvPexTargetWinGet
                0x006079e4                mvPexBarEnable
                0x006075c0                mvPexTargetWinRemapEnable
                0x00608178                mvPexInit
                0x00607c24                mvPexAddrDecShow
                0x00607ee8                mvPexTargetWinEnable
                0x006076f0                mvPexBarGet
                0x00607580                pexBarNameGet
                0x0060763c                mvPexTargetWinRemap
                0x00607850                mvPexBarSet
                0x00607ff0                mvPexTargetWinSet
 .text          0x006083d0      0x3d0 board/mv_feroceon/config_kw/libconfig_kw.a(mvSysUsb.o)
                0x0060856c                mvUsbWinSet
                0x0060847c                mvUsbAddrDecShow
                0x0060867c                mvUsbWinInit
                0x00608770                mvUsbInit
                0x006083d8                mvUsbWinGet
 .text          0x006087a0      0x3ac board/mv_feroceon/config_kw/libconfig_kw.a(mvCpu.o)
                0x006087a8                mvCpuIfPrintSystemConfig
                0x006089c4                mvCpuPclkGet
                0x00608908                mvCpuNameGet
                0x00608a84                mvCpuL2ClkGet
 .text          0x00608b4c     0x18bc board/mv_feroceon/config_kw/libconfig_kw.a(mvBoardEnvLib.o)
                0x00609e7c                mvBoardMppMuxSet
                0x00608bbc                mvBoardIdGet
                0x00609fe8                mvBoardTdmLifeLineSet
                0x00608d2c                mvBoardTwsiExpAddrTypeGet
                0x00609020                mvBoardNandWidthGet
                0x006092e0                mvBoardUSBVbusGpioPinGet
                0x00608eb0                mvBoardRtcTwsiAddrTypeGet
                0x00609144                mvBoardMppGroupTypeSet
                0x00608b8c                mvBoardSpecInitGet
                0x006099cc                mvBoardFanPowerControl
                0x00609658                mvBoardSysClkGet
                0x00609184                mvBoardMppGroupTypeGet
                0x0060936c                mvBoardRTCGpioPinGet
                0x0060a32c                mvBoardEnvInit
                0x00609c1c                mvBoarModuleTypeGet
                0x0060a238                mvBoardDebugLed
                0x00608ba8                mvBoardDebugLedNumGet
                0x00608b94                mvBoardPexBridgeIntPinGet
                0x00609584                mvBoardSlicGpioPinGet
                0x00609258                mvBoarGpioPinNumGet
                0x0060a2d0                mvBoardNameGet
                0x0060973c                mvBoardTclkGet
                0x00609d9c                mvBoardIsPortInGmii
                0x00608f7c                boardGetDevCSNum
                0x00608c4c                mvBoardTwsiSatRAddrTypeGet
                0x006092f8                mvBoardResetGpioPinGet
                0x006098a0                mvBoardHDDPowerControl
                0x00608df8                mvBoardA2DTwsiAddrTypeGet
                0x00609550                mvBoardRevGet
                0x00608fdc                mvBoardGetDeviceWidth
                0x00609de4                mvBoardEgigaPhySwitchInit
                0x00609618                mvBoardMppModuleTypePrint
                0x006093b4                mvBoardIsSwitchConnected
                0x006094a8                mvBoardLinkStatusIrqGet
                0x006090e0                mvBoardVoiceAssemblyModeGet
                0x00609378                mvBoardSmiScanModeGet
                0x006092d4                mvBoardUSBVbusEnGpioPinGet
                0x00608d9c                mvBoardA2DTwsiAddrGet
                0x00609774                mvBoardSDioWPControl
                0x0060922c                mvBoardGpioIntMaskLowGet
                0x00608fbc                mvBoardGetDeviceBusWidth
                0x00609b88                mvBoarTwsiSatRGet
                0x0060956c                mvBoardModelGet
                0x00609200                mvBoardGpioIntMaskHighGet
                0x00609454                mvBoardSwitchPortGet
                0x006091cc                mvBoardMppGet
                0x0060959c                mvBoardGetDeviceWinSize
                0x00608b54                mvBoardIsPortInSgmii
                0x006094e4                mvBoardMacSpeedGet
                0x00608e54                mvBoardRtcTwsiAddrGet
                0x00608cbc                mvBoardTwsiExpAddrGet
                0x00609418                mvBoardSwitchCpuPortGet
                0x00608bdc                mvBoardTwsiSatRAddrGet
                0x006095e8                mvBoardGetDeviceBaseAddr
                0x00609518                mvBoardPhyAddrGet
                0x00609af4                mvBoarTwsiSatRSet
                0x00609304                mvBoardReset
                0x0060907c                mvBoardGetDevicesNumber
                0x00609cac                mvBoardMppGroupIdUpdate
                0x006092ec                mvBoardSDIOGpioPinGet
 .text          0x0060a408        0x0 board/mv_feroceon/config_kw/libconfig_kw.a(mvBoardEnvSpec.o)
 .text          0x0060a408      0xdb8 board/mv_feroceon/config_kw/libconfig_kw.a(mv_flash.o)
                0x0060ab8c                sflashInfoCopy
                0x0060a55c                sflash_print_info
                0x0060a6b4                sflash_cmd
                0x0060a4a4                mv_write_buff
                0x0060afa0                flashMvInfoCopy
                0x0060ae7c                mvFlash_init
                0x0060ad34                mv_flash_real_protect
                0x0060ac58                sflash_init
                0x0060a408                getMvFlashInfo
                0x0060a44c                getMvFlashInfoNum
                0x0060ac88                mv_flash_real_protect_bank
                0x0060ad8c                mv_flash_erase
                0x0060ab34                mv_flash_print_info
                0x0060a510                sflash_erase
                0x0060b0d0                flashInfoCopy
 .text          0x0060b1c0      0x680 board/mv_feroceon/config_kw/libconfig_kw.a(mv_pageTable.o)
                0x0060b258                cpuCfgEnable
                0x0060b280                disableIDCache
                0x0060b34c                pageTableInit
                0x0060b1d0                mmuInvCache
                0x0060b1c8                mmuSetDomainAccessControl
                0x0060b214                mmuFlushTLB
                0x0060b29c                getDCacheAssociativity
                0x0060b5f0                cpumap_cmd
                0x0060b330                getDCacheLine
                0x0060b1c0                mmuSetPageTabBase
                0x0060b300                getDCacheSize
 .text          0x0060b840      0x13c board/mv_feroceon/config_kw/libconfig_kw.a(mv_mon_init.o)
                0x0060b840                PTexist
                0x0060b898                mon_extension_after_relloc
 .text          0x0060b97c      0xc50 board/mv_feroceon/config_kw/libconfig_kw.a(mv_pci.o)
                0x0060bd7c                me_cmd
                0x0060c128                pci_init_board
                0x0060bdf4                scanPci
                0x0060c0bc                sp_cmd
                0x0060ba24                mv_mem_ctrl_dev
                0x0060bbd0                mapPci_cmd
                0x0060bcb0                se_cmd
 .text          0x0060c5cc     0x1cb0 board/mv_feroceon/config_kw/libconfig_kw.a(mv_ide.o)
                0x0060c5ec                mvGetSataDeviceType
                0x0060c8a0                ide_read_write
                0x0060ce6c                ide_read
                0x0060da98                do_diskboot
                0x0060c65c                InitChannel
                0x0060c75c                mvSataEventNotify
                0x0060ddb4                do_ide
                0x0060c6c0                check_ide_hdd_presented
                0x0060c6ac                ide_get_dev
                0x0060ce90                mvGetPMDeviceInfo
                0x0060cfa8                ide_init
                0x0060ce48                ide_write
 .text          0x0060e27c      0x91c board/mv_feroceon/config_kw/libconfig_kw.a(mv_protectionUnit.o)
                0x0060e3b0                get_control
                0x0060e8f8                MPU_Init
                0x0060e460                get_prot_attrib
                0x0060e620                mpuInvCache
                0x0060e6a8                mpuMap
                0x0060e68c                _disableIDCache
                0x0060e3b8                set_control
                0x0060e664                _cpuCfgEnable
 .text          0x0060eb98      0x39c board/mv_feroceon/config_kw/libconfig_kw.a(mv_ext2_boot.o)
                0x0060eb98                do_bootext2
 .text          0x0060ef34      0x31c board/mv_feroceon/config_kw/libconfig_kw.a(mvCommon.o)
                0x0060ef60                mvBinToAscii
                0x0060ef34                mvLog2
                0x0060f108                mvMacStrToHex
                0x0060f008                mvAsciiToHex
                0x0060f188                mvSizePrint
                0x0060f054                mvMacHexToStr
                0x0060efb4                mvBinToHex
                0x0060f0a0                mvHexToBin
 .text          0x0060f250      0x14c board/mv_feroceon/config_kw/libconfig_kw.a(mvOs.o)
                0x0060f2a8                mvOsCpuPartGet
                0x0060f2e4                mvOsIoVirtToPhy
                0x0060f37c                mvOsIoUncachedMalloc
                0x0060f2cc                mvOsCpuRevGet
                0x0060f258                mvOsCpuAsciiGet
                0x0060f304                mvOsStrCmp
                0x0060f270                mvOsCpuVarGet
                0x0060f34c                mvOsIoCachedFree
                0x0060f2f4                mvOsCacheInvalidate
                0x0060f35c                mvOsIoCachedMalloc
                0x0060f354                mvOsIoUncachedFree
                0x0060f2fc                mvOsRand
                0x0060f2ec                mvOsCacheFlush
                0x0060f28c                mvOsCpuArchGet
 .text          0x0060f39c      0x850 board/mv_feroceon/config_kw/libconfig_kw.a(mvFlashCom.o)
                0x0060f5cc                flashAddrExt
                0x0060f4e8                mvFlashVenIdGet
                0x0060f500                mvFlashBaseAddrGet
                0x0060f708                flashPrint
                0x0060f50c                mvFlashBusWidthGet
                0x0060f3b4                mvFlashSecSizeGet
                0x0060f3a8                mvFlashNumOfSecsGet
                0x0060f524                mvFlashNumOfDevGet
                0x0060f518                mvFlashDevWidthGet
                0x0060f654                flashBusWidthWr
                0x0060f468                mvFlashInWhichSec
                0x0060f568                mvFlashSizeGet
                0x0060f3f0                mvFlashSecLockGet
                0x0060f6d4                flashBusWidthDataWr
                0x0060f4f4                mvFlashDevIdGet
                0x0060f4dc                mvFlashSecTypeGet
                0x0060f39c                mvFlashIsHwLock
                0x0060f61c                flashBusWidthRd
                0x0060f590                flashDataExt
                0x0060f42c                mvFlashSecOffsGet
                0x0060f688                flashCmdSet
 .text          0x0060fbec     0x56bc board/mv_feroceon/config_kw/libconfig_kw.a(mvSata.o)
                0x00614058                mvSataChannelFarLoopbackDiagnostic
                0x00610a5c                mvSataSetIntCoalParams
                0x00612798                mvSataChannelPhyPowerOn
                0x00613b8c                mvSataConfigureChannel
                0x00611d94                mvSata60X1B2CheckDevError
                0x006106dc                mvSataGetInterfaceSpeed
                0x00610598                mvSataSetInterruptsScheme
                0x0061065c                mvSataGetInterfacePowerState
                0x00610458                mvSataShutdownAdapter
                0x006128d4                mvSataInitAdapter
                0x00614334                mvSataInterruptServiceRoutine
                0x0061082c                mvSataCheckPendingInterrupt
                0x00613744                mvSataEnableStaggeredSpinUp
                0x0061391c                mvSataChannelHardReset
                0x00613d04                mvSataDisableChannelDma
                0x00610868                mvSataChannelPhyShutdown
                0x00611044                _setActivePMPort
                0x00610f64                disableSaDevInterrupts
                0x006105d0                mvSataUnmaskAdapterInterrupt
                0x006150e8                mvSataQueueCommand
                0x00610938                mvSataSetChannelPhyParams
                0x00610490                mvSataRemoveChannel
                0x00610758                mvSataDisableStaggeredSpinUp
                0x00613608                mvSataSetInterfaceSpeed
                0x006105ac                mvSataMaskAdapterInterrupt
                0x0061178c                mvSataEnableChannelDma
                0x006137b4                mvSataEnableStaggeredSpinUpAll
                0x00610608                mvSataIfD2HReceived
                0x00610480                mvSataWriteReg
                0x006104c0                mvSataSetFBSMode
                0x006118dc                mvSataIsStorageDeviceConnected
                0x00613fe4                waitForBusyAfterHReset
                0x0061052c                mvSataNumOfDmaCommands
                0x006110ec                mvSataConfigEdmaMode
                0x00610550                mvSataGetNumOfPortQueuedCommands
                0x006117d8                mvSataSetInterfacePowerState
                0x00613b30                mvSataFlushDmaQueue
                0x006107d8                mvSataDisableStaggeredSpinUpAll
                0x00610c2c                mvSataReadReg
 .text          0x006152a8     0x1230 board/mv_feroceon/config_kw/libconfig_kw.a(mvStorageDev.o)
                0x00615860                mvStorageDevATASoftResetDevice
                0x006163a8                mvStorageDevATASetFeatures
                0x00616408                mvStorageDevATAIdentifyDevice
                0x006158dc                executeNonUDMACommand
                0x00615e24                _PMAccessReg
                0x0061532c                mvStorageDevSetDeviceType
                0x00615584                mvStorageDevATAIdleImmediate
                0x0061612c                mvPMDevEnableStaggeredSpinUpPort
                0x00615d60                mvStorageDevExecutePIO
                0x006154c4                waitForDRQ
                0x0061570c                mvStorageIsDeviceBsyBitOff
                0x006152d8                disableStorageDevInterrupt
                0x00615fdc                mvPMLinkUp
                0x0061547c                _startSoftResetDevice
                0x0061562c                dumpAtaDeviceRegisters
                0x0061580c                mvStorageDevATAStartSoftResetDevice
                0x0061537c                _doSoftReset
                0x00616060                mvPMDevReadReg
                0x0061541c                waitForDRQToClear
                0x006161bc                mvPMDevEnableStaggeredSpinUpAll
                0x0061576c                waitWhileStorageDevIsBusy_88SX60X1
                0x00615308                _isDeviceBsyBitOff
                0x006152a8                enableStorageDevInterrupt
                0x00616308                mvStorageDevATAExecuteNonUDMACommand
                0x00615f70                mvPMDevWriteReg
                0x00615524                waitWhileStorageDevIsBusy
                0x00616058                mvPMDevEnableStaggeredSpinUp
                0x00615358                mvStorageDevGetDeviceType
 .text          0x006164d8      0xc38 board/mv_feroceon/config_kw/libconfig_kw.a(mvSFlash.o)
                0x00616cf0                mvSFlashStatRegLock
                0x006164d8                mvSFlashSizeGet
                0x00616580                mvSFlashPowerSaveExit
                0x00616518                mvSFlashPowerSaveEnter
                0x00617024                mvSFlashInit
                0x00616e78                mvSFlashFastBlockRd
                0x00616b54                mvSFlashBlockWr
                0x006167bc                mvSFlashWpRegionGet
                0x006164ec                mvSFlashModelGet
                0x00616f30                mvSFlashSectorErase
                0x006169f4                mvSFlashChipErase
                0x00616680                mvSFlashIdGet
                0x00616604                mvSFlashBlockRd
                0x00616d5c                mvSFlashWpRegionSet
 .text          0x00617110      0xc6c board/mv_feroceon/config_kw/libconfig_kw.a(mvEthPhy.o)
                0x006175e0                mvEthE1011PhyBasicInit
                0x00617680                mvEthE1116PhyBasicInit
                0x00617208                mvEthPhyRegWrite
                0x0061789c                mvEth1121PhyBasicInit
                0x00617338                mvEthSgmiiToCopperPhyBasicInit
                0x006177b8                mvEthE1112PhyBasicInit
                0x00617b18                mvEthPhyReset
                0x00617bb4                mvEthE1111PhyBasicInit
                0x00617c7c                mvEthPhyPrintStatus
                0x00617298                mvEthPhyCheckLink
                0x006175d8                mvEthE1112PhyPowerDown
                0x00617990                mvEth1145PhyBasicInit
                0x006175d0                mvEthE1112PhyPowerUp
                0x00617118                mvEthPhyRegRead
                0x00617a7c                mvEthPhyRestartAN
 .text          0x00617d7c      0x244 board/mv_feroceon/config_kw/libconfig_kw.a(mvRtc.o)
                0x00617fbc                mvRtcInit
                0x00617ef0                mvRtcTimeGet
                0x00617d84                mvRtcTimeSet
 .text          0x00617fc0      0x948 board/mv_feroceon/config_kw/libconfig_kw.a(mvTwsi.o)
                0x00618708                mvTwsiRead
                0x006184f0                mvTwsiStopBitSet
                0x006182ec                mvTwsiAddrSet
                0x00618648                mvTwsiWrite
                0x00618590                mvTwsiStartBitSet
                0x00618014                mvTwsiInit
                0x00617fc8                twsiTimeoutChk
 .text          0x00618908      0x238 board/mv_feroceon/config_kw/libconfig_kw.a(mvGpp.o)
                0x00618954                mvGppValueGet
                0x00618af8                mvGppTypeSet
                0x00618ab0                mvGppBlinkEn
                0x006189c0                mvGppValueSet
                0x00618a68                mvGppPolaritySet
                0x00618910                mvGppPolarityGet
 .text          0x00618b40      0x4d0 board/mv_feroceon/config_kw/libconfig_kw.a(mvSpi.o)
                0x00618ebc                mvSpiCsAssert
                0x00618dd4                mvSpiReadWrite
                0x00618c6c                mvSpiRead
                0x00618ea4                mvSpiCsDeassert
                0x00618d20                mvSpiWrite
                0x00618fa0                mvSpiInit
                0x00618ee4                mvSpiBaudRateSet
 .text          0x00619010      0x178 board/mv_feroceon/config_kw/libconfig_kw.a(mvSpiCmnd.o)
                0x006190b8                mvSpiWriteThenWrite
                0x00619010                mvSpiWriteThenRead
                0x00619130                mvSpiReadAndWrite
 .text          0x00619188      0x698 board/mv_feroceon/config_kw/libconfig_kw.a(mvUsb.o)
                0x00619228                mvUsbRegs
                0x006191e4                mvUsbPowerUp
                0x00619350                mvUsbHalInit
                0x00619190                mvUsbGetCapRegAddr
                0x0061922c                mvUsbCoreRegs
                0x0061919c                mvUsbPowerDown
                0x0061927c                mvUsbPhy65nmNewInit
 .text          0x00619820      0x830 board/mv_feroceon/config_kw/libconfig_kw.a(mvXor.o)
                0x00619ee0                mvXorHalInit
                0x00619894                mvXorEccCurrTimerGet
                0x00619d44                mvXorCommandSet
                0x00619b64                mvXorEccClean
                0x006198b0                mvXorStateGet
                0x00619828                mvXorCtrlSet
                0x0061991c                mvXorTransfer
                0x00619a3c                mvXorMemInit
                0x00619f24                mvXorOverrideSet
 .text          0x0061a050     0x25ac board/mv_feroceon/config_kw/libconfig_kw.a(mvEth.o)
                0x0061aaa8                mvEthMacAddrSet
                0x0061bad0                mvEthCoalGet
                0x0061b9d0                mvEthRxFilterModeSet
                0x0061ae9c                mvEthTosToRxqGet
                0x0061afe0                mvEthVlanPrioRxQueue
                0x0061bc38                mvEthRxCoalSet
                0x0061a2ac                mvEthMaxRxSizeSet
                0x0061b750                mvEthHeaderModeSet
                0x0061b578                mvEthPortPowerDown
                0x0061b060                mvEthBpduRxQueue
                0x0061c564                mvEthHalInit
                0x0061aa50                mvEthSetOtherMcastTable
                0x0061add0                mvEthMibCountersClear
                0x0061b11c                mvEthArpRxQueue
                0x0061a338                mvEthMacAddrGet
                0x0061c240                mvEthPortFinish
                0x0061a0ec                mvEthPortForceTxDone
                0x0061bbb4                mvEthTxCoalSet
                0x0061a9f8                mvEthSetSpecialMcastTable
                0x0061b8b8                mvEthSpeedDuplexSet
                0x0061a3c0                mvEthMcastCrc8Get
                0x0061abbc                mvEthMcastAddrSet
                0x0061b6b8                mvEthEjpModeSet
                0x0061a1ac                mvEthPortForceRx
                0x0061b194                mvEthTcpRxQueue
                0x0061bcbc                mvEthPortDown
                0x0061b308                mvEthPhyAddrSet
                0x0061b600                mvEthPortPowerUp
                0x0061b394                ethResetRxDescRing
                0x0061a06c                mvEthMemAttrGet
                0x0061b7e8                mvEthFlowCtrlSet
                0x0061af24                mvEthTosToRxqSet
                0x0061b210                mvEthUdpRxQueue
                0x0061ae0c                mvEthPortEnable
                0x0061c2c8                mvEthPortInit
                0x0061b47c                ethResetTxDescRing
                0x0061bf48                mvEthDefaultsSet
                0x0061ad64                mvEthMibCounterRead
                0x0061b354                mvEthPhyAddrGet
                0x0061b28c                mvEthStatusGet
                0x0061a088                mvEthPortUp
                0x0061be98                mvEthPortDisable
 .text          0x0061c5fc      0x2a8 board/mv_feroceon/config_kw/libconfig_kw.a(mvPciIf.o)
                0x0061c7a8                mvPciIfConfigWrite
                0x0061c60c                mvPciRealIfNumGet
                0x0061c76c                mvPciIfMasterEnable
                0x0061c7fc                mvPciIfConfigRead
                0x0061c670                mvPciIfLocalDevNumSet
                0x0061c6ac                mvPciIfLocalBusNumGet
                0x0061c5fc                mvPciIfTypeGet
                0x0061c854                mvPciIfInit
                0x0061c638                mvPciIfLocalDevNumGet
                0x0061c6e4                mvPciIfLocalBusNumSet
                0x0061c720                mvPciIfSlaveEnable
 .text          0x0061c8a4      0x8f4 board/mv_feroceon/config_kw/libconfig_kw.a(mvPex.o)
                0x0061caec                mvPexLocalBusNumSet
                0x0061cf70                mvPexHalInit
                0x0061ca78                mvPexLocalDevNumSet
                0x0061ce94                mvPexModeGet
                0x0061ccc0                mvPexConfigRead
                0x0061c924                mvPexForceX1
                0x0061cb60                mvPexMasterEnable
                0x0061cbc4                mvPexConfigWrite
                0x0061ca00                mvPexLocalDevNumGet
                0x0061c9ac                mvPexPhyRegRead
                0x0061cf3c                mvPexIsPowerUp
                0x0061c970                mvPexPhyRegWrite
                0x0061ce04                mvPexSlaveEnable
                0x0061c8ac                mvPexPowerDown
                0x0061ca3c                mvPexLocalBusNumGet
 .text          0x0061d198     0x13f0 board/mv_feroceon/config_kw/libconfig_kw.a(mvTsu.o)
                0x0061e048                mvTsuRxNextBuffGet
                0x0061df3c                mvTsuTxFreeBuffCountGet
                0x0061e128                mvTsuRxFullBuffCountGet
                0x0061d1f8                mvTsuHalInit
                0x0061dbd0                mvTsuPortSignalCfgSet
                0x0061d44c                mvTsuRxTimestampCntEn
                0x0061d9f0                mvTsuRxFlushErrorPackets
                0x0061d820                mvTsuTxInitTimeStampSet
                0x0061d1a8                mvTsuPortReset
                0x0061df7c                mvTsuTxNextBuffGet
                0x0061e228                mvTsuBuffersInit
                0x0061d4c0                mvTsuRxBuffFree
                0x0061dd04                mvTsuPortInit
                0x0061d270                mvTsuPortSignalCfgGet
                0x0061dae4                mvTsuAggrMode1TmsOnPcktEn
                0x0061d6d0                mvTsuTxStatusGet
                0x0061da64                mvTsuRxSyncDetectionSet
                0x0061d5b0                mvTsuTxBuffPut
                0x0061d8f4                mvTsuTxClockFreqSet
                0x0061d7a0                mvTsuTxDone
                0x0061d3e4                mvTsuRxSyncDetectionGet
                0x0061d1a0                mvTsuShutdown
                0x0061d36c                mvTsuStatusGet
                0x0061e1b0                mvTsuPortShutdown
                0x0061db58                mvTsuDmaWatermarkSet
 .text          0x0061e588     0x10dc board/mv_feroceon/config_kw/libconfig_kw.a(mvMD5.o)
                0x0061e588                mvMD5Init
                0x0061f508                mvHmacMd5
                0x0061f618                mvMD5
                0x0061f398                mvMD5Final
                0x0061f44c                mvMD5Update
 .text          0x0061f664      0x780 board/mv_feroceon/config_kw/libconfig_kw.a(mvSwitch.o)
                0x0061fb0c                mvEthE6063SwitchBasicInit
                0x0061fb3c                mvEthE6065_61SwitchBasicInit
                0x0061fb6c                mvEthE6161SwitchBasicInit
                0x0061fd10                mvEthE6131SwitchBasicInit
 .text          0x0061fde4      0x454 board/mv_feroceon/config_kw/libconfig_kw.a(mvCtrlEnvAddrDec.o)
                0x0061fe2c                mvCtrlAddrDecToReg
                0x0061ffa8                mvCtrlTargetGet
                0x0062013c                mvCtrlAttribGet
                0x006200cc                mvCtrlParamsToAddrDec
                0x0061fdec                mvCtrlRegToAddrDec
                0x0061fe78                mvCtrlAddrDecToParams
 .text          0x00620238      0x3d0 board/mv_feroceon/config_kw/libconfig_kw.a(mvSysSata.o)
                0x006202ec                mvSataAddrDecShow
                0x006203e8                mvSataWinSet
                0x00620240                mvSataWinGet
                0x00620518                mvSataWinInit
 .text          0x00620608      0xad0 board/mv_feroceon/config_kw/libconfig_kw.a(mvPciUtils.o)
                0x00620608                mvPciClassNameGet
                0x00620f84                mvPciScan
 .text          0x006210d8        0x8 board/mv_feroceon/config_kw/libconfig_kw.a(mvOsSata.o)
                0x006210dc                mvSwapWord
                0x006210d8                mvSwapShort
 .text          0x006210e0      0x4f4 cpu/arm926ejs/libarm926ejs.a(interrupts.o)
                0x006210ec                set_timer
                0x006212f4                reset_timer
                0x006214cc                do_fiq
                0x006212f8                interrupt_init
                0x006215a8                do_undefined_instruction
                0x00621334                show_regs
                0x006214a0                do_irq
                0x006210fc                get_tbclk
                0x006211e8                get_timer
                0x00621220                reset_timer_masked
                0x0062147c                bad_mode
                0x00621104                get_timer_masked
                0x00621268                udelay
                0x00621198                udelay_masked
                0x00621550                do_prefetch_abort
                0x00621204                get_ticks
                0x006210e4                disable_interrupts
                0x006214f8                do_not_used
                0x00621524                do_data_abort
                0x0062157c                do_software_interrupt
                0x006210e0                enable_interrupts
 .text          0x006215d4      0x504 lib_arm/libarm.a(board.o)
                0x006216cc                hang
                0x006216e8                start_armboot
                0x006215d4                sbrk
 .text          0x00621ad8        0x4 lib_arm/libarm.a(cache.o)
                0x00621ad8                flush_cache
 .text          0x00621adc     0x149c net/libnet.a(net.o)
                0x00621ce0                getenv_IPaddr
                0x00621b84                NetCksumOk
                0x006227c8                NetSetTimeout
                0x00621bb0                copy_filename
                0x00621cf8                NetEthHdrSize
                0x00621da4                ip_to_string
                0x00622a5c                ArpTimeoutCheck
                0x0062217c                NetReceive
                0x00621c68                string_to_ip
                0x00622800                NetSendUDPPacket
                0x00621df8                print_IPaddr
                0x00621e24                NetSetEther
                0x00622ad8                NetLoop
                0x00622084                ArpRequest
                0x00621d44                VLAN_to_string
                0x00621c50                getenv_VLAN
                0x00621b40                NetCksum
                0x00621ee8                NetSetIP
                0x00621c00                string_to_VLAN
                0x0062296c                NetStartAgain
                0x00621b30                NetSetHandler
                0x00622680                PingSend
                0x00622080                NetSendPacket
 .text          0x00622f78      0x648 net/libnet.a(tftp.o)
                0x00623110                TftpStart
 .text          0x006235c0      0xa04 net/libnet.a(bootp.o)
                0x00623bc0                DhcpRequest
                0x006239f4                BootpRequest
 .text          0x00623fc4      0x1a4 net/libnet.a(rarp.o)
                0x00623fc4                RarpRequest
 .text          0x00624168      0x6a0 net/libnet.a(eth.o)
                0x00624290                eth_get_dev_by_name
                0x006241c4                eth_halt
                0x00624458                eth_register
                0x00624168                eth_get_dev
                0x00624364                eth_try_another
                0x006244e8                eth_set_enetaddr
                0x006245a4                eth_initialize
                0x006242ec                eth_set_current
                0x0062423c                eth_rx
                0x00624178                eth_get_dev_index
                0x006243e8                eth_init
                0x00624270                eth_get_name
                0x00624200                eth_send
 .text          0x00624808      0x8e4 net/libnet.a(rcvr.o)
                0x006249e8                RecoverRequest
 .text          0x006250ec      0x378 disk/libdisk.a(part.o)
                0x00625204                dev_print
                0x00625194                print_part
                0x006253e4                get_partition_info
                0x00625428                init_part
 .text          0x00625464      0x524 disk/libdisk.a(part_dos.o)
                0x00625754                get_partition_info_dos
                0x00625954                print_part_dos
                0x006254ac                test_part_dos
 .text          0x00625988      0x73c disk/libdisk.a(part_efi.o)
                0x00625f7c                print_part_efi
                0x00625a64                test_part_efi
                0x00625e7c                get_partition_info_efi
 .text          0x006260c4     0x1b38 drivers/libdrivers.a(cfi_flash.o)
                0x00626510                flash_get_size
                0x0062610c                flash_read_ushort
                0x00627970                flash_erase
                0x00626c2c                flash_read_user_serial
                0x00627b24                flash_init
                0x006260c4                flash_add_base_addr
                0x006277dc                flash_print_info
                0x00626134                flash_read_long
                0x00626fd0                flash_real_protect
                0x006260ec                flash_read_uchar
                0x006260d8                flash_make_addr
                0x00626bc4                flash_read_factory_serial
                0x00627264                write_buff
 .text          0x00627bfc      0xac8 drivers/libdrivers.a(pci.o)
                0x006283bc                pci_cfgfunc_config_device
                0x006283ec                pci_hose_scan_bus
                0x0062861c                pci_hose_phys_to_bus
                0x006283e4                pci_cfgfunc_do_nothing
                0x00627c2c                pci_hose_read_config_dword
                0x00627c8c                pci_hose_read_config_byte_via_dword
                0x00628170                pci_hose_config_device
                0x00628310                pci_find_config
                0x00627c5c                pci_hose_write_config_word
                0x00627f64                pci_read_config_dword
                0x00628570                pci_hose_bus_to_phys
                0x00627d24                pci_hose_write_config_byte_via_dword
                0x00627cd8                pci_hose_read_config_word_via_dword
                0x006283e8                pci_init
                0x00627fb0                pci_read_config_word
                0x0062854c                pci_hose_scan
                0x00628154                pci_find_device
                0x00627da4                pci_hose_write_config_word_via_dword
                0x0062804c                pci_find_devices
                0x00627e28                pci_register_hose
                0x00627e50                pci_bus_to_hose
                0x00627f1c                pci_write_config_byte
                0x00627c74                pci_hose_write_config_dword
                0x00627c14                pci_hose_read_config_word
                0x00628000                pci_read_config_byte
                0x00627c44                pci_hose_write_config_byte
                0x00627ed4                pci_write_config_word
                0x00627e8c                pci_write_config_dword
                0x00627bfc                pci_hose_read_config_byte
 .text          0x006286c4      0x5ac drivers/libdrivers.a(pci_auto.o)
                0x006286c4                pciauto_region_init
                0x00628750                pciauto_config_init
                0x006286ec                pciauto_region_allocate
                0x00628820                pciauto_setup_device
                0x006286d0                pciauto_region_align
                0x00628984                pciauto_config_device
 .text          0x00628c70       0xa4 drivers/nand/libnand.a(nand.o)
                0x00628c70                nand_init
 .text          0x00628d14     0x29a4 drivers/nand/libnand.a(nand_base.o)
                0x0062b538                nand_read_raw
                0x006292a0                nand_scan
                0x0062a334                nand_erase_nand
                0x006291fc                nand_release
 .text          0x0062b6b8        0x0 drivers/nand/libnand.a(nand_ids.o)
 .text          0x0062b6b8      0x2c0 drivers/nand/libnand.a(nand_ecc.o)
                0x0062b7d4                nand_correct_data
                0x0062b6b8                nand_calculate_ecc
 .text          0x0062b978     0x16cc drivers/nand/libnand.a(nand_bbt.o)
                0x0062ba30                nand_isbad_bbt
                0x0062cf70                nand_default_bbt
                0x0062c448                nand_update_bbt
                0x0062caf8                nand_scan_bbt
 .text          0x0062d044      0xed0 drivers/nand/libnand.a(nand_util.o)
                0x0062d09c                nand_lock
                0x0062d114                nand_unlock
                0x0062d244                nand_get_lock_status
                0x0062db78                nand_erase_opts
                0x0062d2d8                nand_read_opts
                0x0062d65c                nand_write_opts
                0x0062d04c                nand_reset
 .text          0x0062df14      0xa28 common/libcommon.a(main.o)
                0x0062df14                run_command
                0x0062e40c                do_run
                0x0062e578                readline
                0x0062e794                main_loop
 .text          0x0062e93c       0x80 common/libcommon.a(cmd_boot.o)
                0x0062e93c                do_go
 .text          0x0062e9bc      0xbb4 common/libcommon.a(cmd_bootm.o)
                0x0062eb64                print_image_hdr
                0x0062ef40                do_bootd
                0x0062e9dc                gunzip
                0x0062ef6c                do_bootm
 .text          0x0062f570      0x334 common/libcommon.a(cmd_date.o)
                0x0062f78c                do_date
                0x0062f5b4                mk_date
 .text          0x0062f8a4      0x264 common/libcommon.a(cmd_eeprom.o)
                0x0062f9c0                do_eeprom
                0x0062f8b8                eeprom_write
                0x0062f93c                eeprom_read
                0x0062f8a4                eeprom_init
                0x0062f8a8                eeprom_probe
 .text          0x0062fb08      0x718 common/libcommon.a(cmd_ext2.o)
                0x006300c8                do_ext2ls
                0x0062fb80                failsafe
                0x0062fda8                do_ext2load
 .text          0x00630220      0xf98 common/libcommon.a(cmd_flash.o)
                0x006310e4                do_flinfo
                0x00630d10                flash_sect_erase
                0x006308c4                do_protect
                0x00630e10                do_flerase
                0x0063042c                flash_sect_protect
 .text          0x006311b8      0x8c8 common/libcommon.a(cmd_i2c.o)
                0x00631558                do_i2c_crc
                0x00631a20                do_i2c_nm
                0x006316b8                do_i2c_mw
                0x006312f8                do_i2c_probe
                0x00631a50                do_i2c_mm
                0x00631354                do_i2c_md
                0x006311d8                do_i2c_loop
 .text          0x00631a80     0x20fc common/libcommon.a(cmd_jffs2.o)
                0x0063381c                do_jffs2_chpart
                0x00632c70                mtdparts_init
                0x006321c4                id_parse
                0x006322b4                find_dev_and_part
                0x006338dc                do_jffs2_fsinfo
                0x00633970                do_jffs2_ls
                0x006332a4                do_jffs2_mtdparts
                0x006339f0                do_jffs2_fsload
 .text          0x00633b7c      0xd2c common/libcommon.a(cmd_mem.o)
                0x00633dac                do_mem_base
                0x006345d0                do_mem_mw
                0x00633ce8                do_mem_crc
                0x00634110                do_mem_nm
                0x00634140                do_mem_mm
                0x00634270                do_mem_cp
                0x00633b7c                do_check_crc32
                0x00633df8                do_mem_mtest
                0x00634424                do_mem_cmp
                0x00633f28                cmd_get_data_size
                0x00634170                do_mem_loop
                0x006346a8                do_mem_md
 .text          0x006348a8     0x1198 common/libcommon.a(cmd_nand.o)
                0x00634c60                do_nandboot
                0x00634e88                do_nand
 .text          0x00635a40      0x38c common/libcommon.a(cmd_net.o)
                0x00635da8                do_rarpb
                0x00635a40                do_ping
                0x00635db4                do_tftpb
                0x00635d9c                do_dhcp
                0x00635dc0                do_bootp
 .text          0x00635dcc      0x970 common/libcommon.a(cmd_nvedit.o)
                0x00635f4c                getenv
                0x00635fd0                _do_setenv
                0x00635e44                getenv_r
                0x00636584                do_printenv
                0x00636540                setenv
                0x00635f18                do_saveenv
                0x006364f8                do_setenv
 .text          0x0063673c     0x1194 common/libcommon.a(cmd_pci.o)
                0x00636870                pci_header_show
                0x006371fc                pciinfo
                0x006374b4                do_pci
                0x0063717c                pci_header_show_brief
 .text          0x006378d0      0xf10 common/libcommon.a(cmd_scsi.o)
                0x006380ec                scsi_scan
                0x00637904                scsi_ident_cpy
                0x00637b24                scsi_setup_write_ext
                0x0063878c                scsi_init
                0x00637c90                scsi_read
                0x006379e0                scsi_setup_read_capacity
                0x006378f0                scsi_get_dev
                0x006379a8                scsi_setup_test_unit_ready
                0x00637a2c                scsi_setup_read_ext
                0x00638414                do_scsi
                0x00637ad4                scsi_setup_inquiry
                0x00637d80                do_scsiboot
                0x0063797c                scsi_trim_trail
                0x00637b80                check_scsi_hdd_presented
                0x00637a88                scsi_setup_read6
                0x00637ba0                scsi_write
 .text          0x006387e0      0x87c common/libcommon.a(command.o)
                0x006387e0                do_echo
                0x006389b4                cmd_auto_complete
                0x00638918                find_cmd
                0x00638e70                install_auto_complete
                0x00638eb8                do_help
                0x00638890                var_complete
                0x00638868                do_version
 .text          0x0063905c      0x53c common/libcommon.a(console.o)
                0x00639224                console_init_r
                0x0063945c                printf
                0x00639314                console_assign
                0x00639528                getc
                0x00639400                puts
                0x00639208                dbg
                0x006394a8                serial_printf
                0x00639134                ftstc
                0x006393ac                fprintf
                0x00639510                tstc
                0x0063941c                vprintf
                0x00639540                ctrlc
                0x006394f4                putc
                0x006391cc                disable_ctrlc
                0x00639104                fgetc
                0x006391e4                had_ctrlc
                0x00639164                fputc
                0x00639214                console_init_f
                0x006391f4                clear_ctrlc
                0x00639198                fputs
 .text          0x00639598      0x104 common/libcommon.a(devices.o)
                0x006395bc                device_register
                0x00639598                devices_done
                0x006395e8                devices_init
 .text          0x0063969c     0x1128 common/libcommon.a(dlmalloc.o)
                0x00639ab4                malloc
                0x0063a204                pvalloc
                0x0063a228                calloc
                0x006396d4                malloc_usable_size
                0x0063a310                realloc
                0x00639790                malloc_trim
                0x0063969c                malloc_bin_reloc
                0x00639718                mallopt
                0x0063a0ec                memalign
                0x00639ab0                cfree
                0x0063a21c                valloc
                0x00639868                free
 .text          0x0063a7c4      0x2b4 common/libcommon.a(env_common.o)
                0x0063a7e4                env_get_addr
                0x0063a834                env_complete
                0x0063a9cc                env_relocate
                0x0063a998                env_crc_update
                0x0063a7c4                env_get_char_memory
 .text          0x0063aa78      0x3c8 common/libcommon.a(env_nand.o)
                0x0063ac58                env_relocate_spec
                0x0063ab50                saveenv
                0x0063ab28                env_get_char_spec
                0x0063ab34                env_init
 .text          0x0063ae40       0xfc common/libcommon.a(exports.o)
                0x0063ae4c                jumptable_init
                0x0063ae44                get_version
 .text          0x0063af3c      0x400 common/libcommon.a(flash.o)
                0x0063b090                flash_write
                0x0063b218                flash_protect
                0x0063af3c                addr2info
                0x0063afb0                flash_perror
 .text          0x0063b33c      0x424 common/libcommon.a(lists.o)
                0x0063b668                DisposeHandle
                0x0063b690                ListDispose
                0x0063b478                ListInsertItems
                0x0063b344                ListSetAllocationPolicy
                0x0063b394                ListGetItemSize
                0x0063b388                ListGetDataPtr
                0x0063b694                NewHandle
                0x0063b3f4                SetHandleSize
                0x0063b660                ListInsertItem
                0x0063b33c                GetHandleSize
                0x0063b3a0                ListNumItems
                0x0063b358                ListGetPtrToItem
                0x0063b6f8                ListCreate
                0x0063b3ac                ListGetItems
 .text          0x0063b760      0x200 lib_generic/libgeneric.a(crc32.o)
                0x0063b760                crc32
                0x0063b860                crc32_no_comp
 .text          0x0063b960        0x0 lib_generic/libgeneric.a(ctype.o)
 .text          0x0063b960       0xd0 lib_generic/libgeneric.a(display_options.o)
                0x0063ba08                display_options
                0x0063b960                print_size
 .text          0x0063ba30      0x5f0 lib_generic/libgeneric.a(string.o)
                0x0063babc                strcpy
                0x0063bf1c                memscan
                0x0063be98                memmove
                0x0063be78                memcpy
                0x0063bde4                strswab
                0x0063bc70                strnlen
                0x0063bc30                strrchr
                0x0063bafc                strcat
                0x0063bfac                memchr
                0x0063bf40                strstr
                0x0063bba0                strncmp
                0x0063bad4                strncpy
                0x0063be4c                bcopy
                0x0063bd1c                strtok
                0x0063bee0                memcmp
                0x0063bb28                strncat
                0x0063bfdc                strdup
                0x0063be30                memset
                0x0063bb74                strcmp
                0x0063bda8                strsep
                0x0063ba4c                strnicmp
                0x0063bc98                strspn
                0x0063bc10                strlen
                0x0063bbe4                strchr
                0x0063bcdc                strpbrk
 .text          0x0063c020      0x844 lib_generic/libgeneric.a(vsprintf.o)
                0x0063c438                vsprintf
                0x0063c0e0                simple_strtol
                0x0063c3e0                panic
                0x0063c834                sprintf
                0x0063c020                simple_strtoul
 .text          0x0063c864     0x2f38 lib_generic/libgeneric.a(zlib.o)
                0x0063d7cc                inflate
                0x0063d20c                inflateInit2
                0x0063d690                inflateIncomp
                0x0063d35c                adler32
                0x0063d094                inflateReset
                0x0063d104                inflateSync
                0x0063d354                inflateInit
                0x0063cfec                inflateEnd
 .text          0x0063f79c      0x228 board/mv_feroceon/config_kw/libconfig_kw.a(mvCntmr.o)
                0x0063f7a4                mvCntmrLoad
                0x0063f88c                mvCntmrCtrlGet
                0x0063f7dc                mvCntmrRead
                0x0063f8e4                mvCntmrEnable
                0x0063f97c                mvCntmrStart
                0x0063f930                mvCntmrDisable
                0x0063f7f0                mvCntmrWrite
                0x0063f808                mvCntmrCtrlSet
 .text          0x0063f9c4      0x270 board/mv_feroceon/config_kw/libconfig_kw.a(mv_dram.o)
                0x0063faa8                dram_init
                0x0063fa9c                mvIntrfaceWidthPrint
                0x0063f9cc                mvIntrfaceParamPrint
 .text          0x0063fc34      0x124 board/mv_feroceon/config_kw/libconfig_kw.a(mv_serial.o)
                0x0063fc34                serial_setbrg
                0x0063fc80                serial_tstc
                0x0063fca0                serial_putc
                0x0063fd00                serial_init
                0x0063fcd4                serial_puts
                0x0063fc88                serial_getc
 .text          0x0063fd58       0xf4 board/mv_feroceon/config_kw/libconfig_kw.a(mv_rtc.o)
                0x0063fd5c                rtc_set
                0x0063fd58                rtc_reset
                0x0063fde0                rtc_get
 .text          0x0063fe4c       0x58 board/mv_feroceon/config_kw/libconfig_kw.a(mv_nand.o)
                0x0063fe4c                board_nand_init
 .text          0x0063fea4      0x9cc board/mv_feroceon/config_kw/libconfig_kw.a(mv_egiga.o)
                0x0063ff50                mv_eth_initialize
 .text          0x00640870      0x19c board/mv_feroceon/config_kw/libconfig_kw.a(mv_i2c.o)
                0x00640920                i2c_write
                0x006408b8                i2c_probe
                0x00640998                i2c_read
                0x00640870                i2c_init
 .text          0x00640a0c     0x1020 board/mv_feroceon/config_kw/libconfig_kw.a(mvDramIf.o)
                0x00640bd4                mvDramIfShow
                0x00640a64                mvDramIfCalGet
                0x00640c5c                mvDramIfDetect
                0x00640b9c                mvDramIfBankSizeGet
                0x00640c58                mvDramIfBankBaseGet
                0x00640ac4                mvDramIfSelfRefreshSet
                0x00640ba0                mvDramIfSizeGet
                0x00640b00                mvDramIfGetFirstCS
                0x00640a14                mvDramIfSingleBitErrThresholdSet
 .text          0x00641a2c       0x9c board/mv_feroceon/config_kw/libconfig_kw.a(mvUart.o)
                0x00641ab0                mvUartTstc
                0x00641a70                mvUartPutc
                0x00641a2c                mvUartInit
                0x00641a90                mvUartGetc
 .text          0x00641ac8     0x1520 board/mv_feroceon/config_kw/libconfig_kw.a(mvSpd.o)
                0x00641e54                dimmSpdPrint
                0x00642da0                mvDramBankInfoGet
                0x00642f1c                dimmSpdCpy
                0x00641b40                dimmSpdGet
 .text          0x00642fe8      0x224 cpu/arm926ejs/libarm926ejs.a(cpu.o)
                0x006430ec                cleanup_before_linux
                0x00643040                cpu_init
                0x00643048                icache_enable
                0x006431ec                do_reset
                0x0064306c                icache_disable
                0x006430b4                dcache_status
                0x006430d0                icache_status
                0x00643090                dcache_disable
 .text          0x0064320c      0x99c lib_arm/libarm.a(armlinux.o)
                0x0064343c                do_bootm_linux
 .text          0x00643ba8      0x840 fs/cramfs/libcramfs.a(cramfs.o)
                0x00643d54                cramfs_info
                0x00643ba8                cramfs_check
                0x00644300                cramfs_load
                0x0064418c                cramfs_ls
 .text          0x006443e8       0xf0 fs/cramfs/libcramfs.a(uncompress.o)
                0x006443e8                cramfs_uncompress_exit
                0x00644484                cramfs_uncompress_block
                0x00644408                cramfs_uncompress_init
 .text          0x006444d8     0x1a44 fs/jffs2/libjffs2.a(jffs2_1pass.o)
                0x006455f0                jffs2_1pass_load
                0x00644f78                jffs2_1pass_info
                0x006458c4                jffs2_1pass_ls
                0x006449a8                jffs2_1pass_rescan_needed
                0x00644510                mkmodestr
                0x0064471c                jffs2_free_cache
 .text          0x00645f1c       0xec fs/jffs2/libjffs2.a(compr_rtime.o)
                0x00645f1c                rtime_decompress
 .text          0x00646008      0x150 fs/jffs2/libjffs2.a(compr_rubin.o)
                0x00646108                dynrubin_decompress
                0x00646008                rubin_do_decompress
 .text          0x00646158       0x18 fs/jffs2/libjffs2.a(compr_zlib.o)
                0x00646158                zlib_decompress
 .text          0x00646170      0x954 fs/jffs2/libjffs2.a(mini_inflate.o)
                0x00646528                decompress_block
                0x006461a0                pull_bits
                0x006461fc                pull_bit
                0x00646170                cramfs_memset
 .text          0x00646ac4      0xe60 fs/ext2/libext2fs.a(ext2fs.o)
                0x00646d28                ext2fs_read_file
                0x00646c74                ext2fs_close
                0x00646b98                ext2fs_mount
                0x006478a0                ext2fs_ls
                0x00647768                ext2fs_find_file
                0x00647800                ext2fs_open
                0x00646c54                ext2fs_free_node
                0x00647230                ext2fs_read
                0x006474c0                ext2fs_find_file1
 .text          0x00647924      0x1dc fs/ext2/libext2fs.a(dev.o)
                0x00647aac                ext2fs_set_blk_dev
                0x00647924                ext2fs_devread
 .text          0x00647b00      0x2b0 rtc/librtc.a(date.o)
                0x00647b00                GregorianDay
                0x00647d14                mktime
                0x00647bfc                to_tm
 .text          0x00647db0      0xb60 drivers/libdrivers.a(ahci.o)
                0x00648594                scsi_exec
                0x00647dc0                scsi_print_error
                0x00647dbc                scsi_bus_reset
                0x00647dc4                scsi_low_level_init
 .text          0x00648910      0x28c /opt/devel/proto/marvell/build-eabi/kernel-toolchain/bin/../lib/gcc/arm-none-linux-gnueabi/4.2.1/libgcc.a(_udivsi3.o)
                0x00648910                __udivsi3
                0x00648910                __aeabi_uidiv
                0x00648b84                __aeabi_uidivmod
 .text          0x00648b9c      0x2bc /opt/devel/proto/marvell/build-eabi/kernel-toolchain/bin/../lib/gcc/arm-none-linux-gnueabi/4.2.1/libgcc.a(_divsi3.o)
                0x00648b9c                __aeabi_idiv
                0x00648b9c                __divsi3
                0x00648e40                __aeabi_idivmod
 .text          0x00648e58       0x1c /opt/devel/proto/marvell/build-eabi/kernel-toolchain/bin/../lib/gcc/arm-none-linux-gnueabi/4.2.1/libgcc.a(_ashrdi3.o)
                0x00648e58                __ashrdi3
                0x00648e58                __aeabi_lasr
 .text          0x00648e74       0x1c /opt/devel/proto/marvell/build-eabi/kernel-toolchain/bin/../lib/gcc/arm-none-linux-gnueabi/4.2.1/libgcc.a(_ashldi3.o)
                0x00648e74                __ashldi3
                0x00648e74                __aeabi_llsl
 .text          0x00648e90       0x1c /opt/devel/proto/marvell/build-eabi/kernel-toolchain/bin/../lib/gcc/arm-none-linux-gnueabi/4.2.1/libgcc.a(_aeabi_uldivmod.o)
                0x00648e90                __aeabi_uldivmod
 .text          0x00648eac       0x10 /opt/devel/proto/marvell/build-eabi/kernel-toolchain/bin/../lib/gcc/arm-none-linux-gnueabi/4.2.1/libgcc.a(_dvmd_lnx.o)
                0x00648eac                __div0
 .text          0x00648ebc       0x98 /opt/devel/proto/marvell/build-eabi/kernel-toolchain/bin/../lib/gcc/arm-none-linux-gnueabi/4.2.1/libgcc.a(bpabi.o)
                0x00648ebc                __gnu_uldivmod_helper
                0x00648f08                __gnu_ldivmod_helper
 .text          0x00648f54      0x644 /opt/devel/proto/marvell/build-eabi/kernel-toolchain/bin/../lib/gcc/arm-none-linux-gnueabi/4.2.1/libgcc.a(_divdi3.o)
                0x00648f54                __divdi3
 .text          0x00649598      0x5ec /opt/devel/proto/marvell/build-eabi/kernel-toolchain/bin/../lib/gcc/arm-none-linux-gnueabi/4.2.1/libgcc.a(_udivdi3.o)
                0x00649598                __udivdi3
 .text          0x00649b84        0x0 /opt/devel/proto/marvell/build-eabi/kernel-toolchain/bin/../lib/gcc/arm-none-linux-gnueabi/4.2.1/libgcc.a(_clz.o)

.glue_7         0x00649b84        0x0
 .glue_7        0x00649b84        0x0 cpu/arm926ejs/start.o
 .glue_7        0x00649b84        0x0 board/mv_feroceon/USP/jump.o
 .glue_7        0x00649b84        0x0 board/mv_feroceon/config_kw/libconfig_kw.a(platform.o)
 .glue_7        0x00649b84        0x0 board/mv_feroceon/config_kw/libconfig_kw.a(mvTwsiEeprom.o)
 .glue_7        0x00649b84        0x0 board/mv_feroceon/config_kw/libconfig_kw.a(mv_cmd.o)
 .glue_7        0x00649b84        0x0 board/mv_feroceon/config_kw/libconfig_kw.a(mv_main.o)
 .glue_7        0x00649b84        0x0 board/mv_feroceon/config_kw/libconfig_kw.a(mvCtrlEnvLib.o)
 .glue_7        0x00649b84        0x0 board/mv_feroceon/config_kw/libconfig_kw.a(mvAhbToMbus.o)
 .glue_7        0x00649b84        0x0 board/mv_feroceon/config_kw/libconfig_kw.a(mvCpuIf.o)
 .glue_7        0x00649b84        0x0 board/mv_feroceon/config_kw/libconfig_kw.a(mvSysXor.o)
 .glue_7        0x00649b84        0x0 board/mv_feroceon/config_kw/libconfig_kw.a(mvSysDram.o)
 .glue_7        0x00649b84        0x0 board/mv_feroceon/config_kw/libconfig_kw.a(mvSysGbe.o)
 .glue_7        0x00649b84        0x0 board/mv_feroceon/config_kw/libconfig_kw.a(mvSysTs.o)
 .glue_7        0x00649b84        0x0 board/mv_feroceon/config_kw/libconfig_kw.a(mvSysPex.o)
 .glue_7        0x00649b84        0x0 board/mv_feroceon/config_kw/libconfig_kw.a(mvSysUsb.o)
 .glue_7        0x00649b84        0x0 board/mv_feroceon/config_kw/libconfig_kw.a(mvCpu.o)
 .glue_7        0x00649b84        0x0 board/mv_feroceon/config_kw/libconfig_kw.a(mvBoardEnvLib.o)
 .glue_7        0x00649b84        0x0 board/mv_feroceon/config_kw/libconfig_kw.a(mvBoardEnvSpec.o)
 .glue_7        0x00649b84        0x0 board/mv_feroceon/config_kw/libconfig_kw.a(mv_flash.o)
 .glue_7        0x00649b84        0x0 board/mv_feroceon/config_kw/libconfig_kw.a(mv_pageTable.o)
 .glue_7        0x00649b84        0x0 board/mv_feroceon/config_kw/libconfig_kw.a(mv_mon_init.o)
 .glue_7        0x00649b84        0x0 board/mv_feroceon/config_kw/libconfig_kw.a(mv_pci.o)
 .glue_7        0x00649b84        0x0 board/mv_feroceon/config_kw/libconfig_kw.a(mv_ide.o)
 .glue_7        0x00649b84        0x0 board/mv_feroceon/config_kw/libconfig_kw.a(mv_protectionUnit.o)
 .glue_7        0x00649b84        0x0 board/mv_feroceon/config_kw/libconfig_kw.a(mv_ext2_boot.o)
 .glue_7        0x00649b84        0x0 board/mv_feroceon/config_kw/libconfig_kw.a(mvCommon.o)
 .glue_7        0x00649b84        0x0 board/mv_feroceon/config_kw/libconfig_kw.a(mvOs.o)
 .glue_7        0x00649b84        0x0 board/mv_feroceon/config_kw/libconfig_kw.a(mvFlashCom.o)
 .glue_7        0x00649b84        0x0 board/mv_feroceon/config_kw/libconfig_kw.a(mvSata.o)
 .glue_7        0x00649b84        0x0 board/mv_feroceon/config_kw/libconfig_kw.a(mvStorageDev.o)
 .glue_7        0x00649b84        0x0 board/mv_feroceon/config_kw/libconfig_kw.a(mvSFlash.o)
 .glue_7        0x00649b84        0x0 board/mv_feroceon/config_kw/libconfig_kw.a(mvEthPhy.o)
 .glue_7        0x00649b84        0x0 board/mv_feroceon/config_kw/libconfig_kw.a(mvRtc.o)
 .glue_7        0x00649b84        0x0 board/mv_feroceon/config_kw/libconfig_kw.a(mvTwsi.o)
 .glue_7        0x00649b84        0x0 board/mv_feroceon/config_kw/libconfig_kw.a(mvGpp.o)
 .glue_7        0x00649b84        0x0 board/mv_feroceon/config_kw/libconfig_kw.a(mvSpi.o)
 .glue_7        0x00649b84        0x0 board/mv_feroceon/config_kw/libconfig_kw.a(mvSpiCmnd.o)
 .glue_7        0x00649b84        0x0 board/mv_feroceon/config_kw/libconfig_kw.a(mvUsb.o)
 .glue_7        0x00649b84        0x0 board/mv_feroceon/config_kw/libconfig_kw.a(mvXor.o)
 .glue_7        0x00649b84        0x0 board/mv_feroceon/config_kw/libconfig_kw.a(mvEth.o)
 .glue_7        0x00649b84        0x0 board/mv_feroceon/config_kw/libconfig_kw.a(mvPciIf.o)
 .glue_7        0x00649b84        0x0 board/mv_feroceon/config_kw/libconfig_kw.a(mvPex.o)
 .glue_7        0x00649b84        0x0 board/mv_feroceon/config_kw/libconfig_kw.a(mvTsu.o)
 .glue_7        0x00649b84        0x0 board/mv_feroceon/config_kw/libconfig_kw.a(mvMD5.o)
 .glue_7        0x00649b84        0x0 board/mv_feroceon/config_kw/libconfig_kw.a(mvSwitch.o)
 .glue_7        0x00649b84        0x0 board/mv_feroceon/config_kw/libconfig_kw.a(mvCtrlEnvAddrDec.o)
 .glue_7        0x00649b84        0x0 board/mv_feroceon/config_kw/libconfig_kw.a(mvSysSata.o)
 .glue_7        0x00649b84        0x0 board/mv_feroceon/config_kw/libconfig_kw.a(mvPciUtils.o)
 .glue_7        0x00649b84        0x0 board/mv_feroceon/config_kw/libconfig_kw.a(mvOsSata.o)
 .glue_7        0x00649b84        0x0 cpu/arm926ejs/libarm926ejs.a(interrupts.o)
 .glue_7        0x00649b84        0x0 lib_arm/libarm.a(board.o)
 .glue_7        0x00649b84        0x0 lib_arm/libarm.a(cache.o)
 .glue_7        0x00649b84        0x0 net/libnet.a(net.o)
 .glue_7        0x00649b84        0x0 net/libnet.a(tftp.o)
 .glue_7        0x00649b84        0x0 net/libnet.a(bootp.o)
 .glue_7        0x00649b84        0x0 net/libnet.a(rarp.o)
 .glue_7        0x00649b84        0x0 net/libnet.a(eth.o)
 .glue_7        0x00649b84        0x0 net/libnet.a(rcvr.o)
 .glue_7        0x00649b84        0x0 disk/libdisk.a(part.o)
 .glue_7        0x00649b84        0x0 disk/libdisk.a(part_dos.o)
 .glue_7        0x00649b84        0x0 disk/libdisk.a(part_efi.o)
 .glue_7        0x00649b84        0x0 drivers/libdrivers.a(cfi_flash.o)
 .glue_7        0x00649b84        0x0 drivers/libdrivers.a(pci.o)
 .glue_7        0x00649b84        0x0 drivers/libdrivers.a(pci_auto.o)
 .glue_7        0x00649b84        0x0 drivers/nand/libnand.a(nand.o)
 .glue_7        0x00649b84        0x0 drivers/nand/libnand.a(nand_base.o)
 .glue_7        0x00649b84        0x0 drivers/nand/libnand.a(nand_ids.o)
 .glue_7        0x00649b84        0x0 drivers/nand/libnand.a(nand_ecc.o)
 .glue_7        0x00649b84        0x0 drivers/nand/libnand.a(nand_bbt.o)
 .glue_7        0x00649b84        0x0 drivers/nand/libnand.a(nand_util.o)
 .glue_7        0x00649b84        0x0 common/libcommon.a(main.o)
 .glue_7        0x00649b84        0x0 common/libcommon.a(cmd_boot.o)
 .glue_7        0x00649b84        0x0 common/libcommon.a(cmd_bootm.o)
 .glue_7        0x00649b84        0x0 common/libcommon.a(cmd_date.o)
 .glue_7        0x00649b84        0x0 common/libcommon.a(cmd_eeprom.o)
 .glue_7        0x00649b84        0x0 common/libcommon.a(cmd_ext2.o)
 .glue_7        0x00649b84        0x0 common/libcommon.a(cmd_flash.o)
 .glue_7        0x00649b84        0x0 common/libcommon.a(cmd_i2c.o)
 .glue_7        0x00649b84        0x0 common/libcommon.a(cmd_jffs2.o)
 .glue_7        0x00649b84        0x0 common/libcommon.a(cmd_mem.o)
 .glue_7        0x00649b84        0x0 common/libcommon.a(cmd_nand.o)
 .glue_7        0x00649b84        0x0 common/libcommon.a(cmd_net.o)
 .glue_7        0x00649b84        0x0 common/libcommon.a(cmd_nvedit.o)
 .glue_7        0x00649b84        0x0 common/libcommon.a(cmd_pci.o)
 .glue_7        0x00649b84        0x0 common/libcommon.a(cmd_scsi.o)
 .glue_7        0x00649b84        0x0 common/libcommon.a(command.o)
 .glue_7        0x00649b84        0x0 common/libcommon.a(console.o)
 .glue_7        0x00649b84        0x0 common/libcommon.a(devices.o)
 .glue_7        0x00649b84        0x0 common/libcommon.a(dlmalloc.o)
 .glue_7        0x00649b84        0x0 common/libcommon.a(env_common.o)
 .glue_7        0x00649b84        0x0 common/libcommon.a(env_nand.o)
 .glue_7        0x00649b84        0x0 common/libcommon.a(exports.o)
 .glue_7        0x00649b84        0x0 common/libcommon.a(flash.o)
 .glue_7        0x00649b84        0x0 common/libcommon.a(lists.o)
 .glue_7        0x00649b84        0x0 lib_generic/libgeneric.a(crc32.o)
 .glue_7        0x00649b84        0x0 lib_generic/libgeneric.a(ctype.o)
 .glue_7        0x00649b84        0x0 lib_generic/libgeneric.a(display_options.o)
 .glue_7        0x00649b84        0x0 lib_generic/libgeneric.a(string.o)
 .glue_7        0x00649b84        0x0 lib_generic/libgeneric.a(vsprintf.o)
 .glue_7        0x00649b84        0x0 lib_generic/libgeneric.a(zlib.o)
 .glue_7        0x00649b84        0x0 board/mv_feroceon/config_kw/libconfig_kw.a(mvCntmr.o)
 .glue_7        0x00649b84        0x0 board/mv_feroceon/config_kw/libconfig_kw.a(mv_dram.o)
 .glue_7        0x00649b84        0x0 board/mv_feroceon/config_kw/libconfig_kw.a(mv_serial.o)
 .glue_7        0x00649b84        0x0 board/mv_feroceon/config_kw/libconfig_kw.a(mv_rtc.o)
 .glue_7        0x00649b84        0x0 board/mv_feroceon/config_kw/libconfig_kw.a(mv_nand.o)
 .glue_7        0x00649b84        0x0 board/mv_feroceon/config_kw/libconfig_kw.a(mv_egiga.o)
 .glue_7        0x00649b84        0x0 board/mv_feroceon/config_kw/libconfig_kw.a(mv_i2c.o)
 .glue_7        0x00649b84        0x0 board/mv_feroceon/config_kw/libconfig_kw.a(mvDramIf.o)
 .glue_7        0x00649b84        0x0 board/mv_feroceon/config_kw/libconfig_kw.a(mvUart.o)
 .glue_7        0x00649b84        0x0 board/mv_feroceon/config_kw/libconfig_kw.a(mvSpd.o)
 .glue_7        0x00649b84        0x0 cpu/arm926ejs/libarm926ejs.a(cpu.o)
 .glue_7        0x00649b84        0x0 lib_arm/libarm.a(armlinux.o)
 .glue_7        0x00649b84        0x0 fs/cramfs/libcramfs.a(cramfs.o)
 .glue_7        0x00649b84        0x0 fs/cramfs/libcramfs.a(uncompress.o)
 .glue_7        0x00649b84        0x0 fs/jffs2/libjffs2.a(jffs2_1pass.o)
 .glue_7        0x00649b84        0x0 fs/jffs2/libjffs2.a(compr_rtime.o)
 .glue_7        0x00649b84        0x0 fs/jffs2/libjffs2.a(compr_rubin.o)
 .glue_7        0x00649b84        0x0 fs/jffs2/libjffs2.a(compr_zlib.o)
 .glue_7        0x00649b84        0x0 fs/jffs2/libjffs2.a(mini_inflate.o)
 .glue_7        0x00649b84        0x0 fs/ext2/libext2fs.a(ext2fs.o)
 .glue_7        0x00649b84        0x0 fs/ext2/libext2fs.a(dev.o)
 .glue_7        0x00649b84        0x0 rtc/librtc.a(date.o)
 .glue_7        0x00649b84        0x0 drivers/libdrivers.a(ahci.o)
 .glue_7        0x00649b84        0x0 /opt/devel/proto/marvell/build-eabi/kernel-toolchain/bin/../lib/gcc/arm-none-linux-gnueabi/4.2.1/libgcc.a(_udivsi3.o)
 .glue_7        0x00649b84        0x0 /opt/devel/proto/marvell/build-eabi/kernel-toolchain/bin/../lib/gcc/arm-none-linux-gnueabi/4.2.1/libgcc.a(_divsi3.o)
 .glue_7        0x00649b84        0x0 /opt/devel/proto/marvell/build-eabi/kernel-toolchain/bin/../lib/gcc/arm-none-linux-gnueabi/4.2.1/libgcc.a(_ashrdi3.o)
 .glue_7        0x00649b84        0x0 /opt/devel/proto/marvell/build-eabi/kernel-toolchain/bin/../lib/gcc/arm-none-linux-gnueabi/4.2.1/libgcc.a(_ashldi3.o)
 .glue_7        0x00649b84        0x0 /opt/devel/proto/marvell/build-eabi/kernel-toolchain/bin/../lib/gcc/arm-none-linux-gnueabi/4.2.1/libgcc.a(_aeabi_uldivmod.o)
 .glue_7        0x00649b84        0x0 /opt/devel/proto/marvell/build-eabi/kernel-toolchain/bin/../lib/gcc/arm-none-linux-gnueabi/4.2.1/libgcc.a(_dvmd_lnx.o)
 .glue_7        0x00649b84        0x0 /opt/devel/proto/marvell/build-eabi/kernel-toolchain/bin/../lib/gcc/arm-none-linux-gnueabi/4.2.1/libgcc.a(bpabi.o)
 .glue_7        0x00649b84        0x0 /opt/devel/proto/marvell/build-eabi/kernel-toolchain/bin/../lib/gcc/arm-none-linux-gnueabi/4.2.1/libgcc.a(_divdi3.o)
 .glue_7        0x00649b84        0x0 /opt/devel/proto/marvell/build-eabi/kernel-toolchain/bin/../lib/gcc/arm-none-linux-gnueabi/4.2.1/libgcc.a(_udivdi3.o)
 .glue_7        0x00649b84        0x0 /opt/devel/proto/marvell/build-eabi/kernel-toolchain/bin/../lib/gcc/arm-none-linux-gnueabi/4.2.1/libgcc.a(_clz.o)

.glue_7t        0x00649b84        0x0
 .glue_7t       0x00649b84        0x0 cpu/arm926ejs/start.o
 .glue_7t       0x00649b84        0x0 board/mv_feroceon/USP/jump.o
 .glue_7t       0x00649b84        0x0 board/mv_feroceon/config_kw/libconfig_kw.a(platform.o)
 .glue_7t       0x00649b84        0x0 board/mv_feroceon/config_kw/libconfig_kw.a(mvTwsiEeprom.o)
 .glue_7t       0x00649b84        0x0 board/mv_feroceon/config_kw/libconfig_kw.a(mv_cmd.o)
 .glue_7t       0x00649b84        0x0 board/mv_feroceon/config_kw/libconfig_kw.a(mv_main.o)
 .glue_7t       0x00649b84        0x0 board/mv_feroceon/config_kw/libconfig_kw.a(mvCtrlEnvLib.o)
 .glue_7t       0x00649b84        0x0 board/mv_feroceon/config_kw/libconfig_kw.a(mvAhbToMbus.o)
 .glue_7t       0x00649b84        0x0 board/mv_feroceon/config_kw/libconfig_kw.a(mvCpuIf.o)
 .glue_7t       0x00649b84        0x0 board/mv_feroceon/config_kw/libconfig_kw.a(mvSysXor.o)
 .glue_7t       0x00649b84        0x0 board/mv_feroceon/config_kw/libconfig_kw.a(mvSysDram.o)
 .glue_7t       0x00649b84        0x0 board/mv_feroceon/config_kw/libconfig_kw.a(mvSysGbe.o)
 .glue_7t       0x00649b84        0x0 board/mv_feroceon/config_kw/libconfig_kw.a(mvSysTs.o)
 .glue_7t       0x00649b84        0x0 board/mv_feroceon/config_kw/libconfig_kw.a(mvSysPex.o)
 .glue_7t       0x00649b84        0x0 board/mv_feroceon/config_kw/libconfig_kw.a(mvSysUsb.o)
 .glue_7t       0x00649b84        0x0 board/mv_feroceon/config_kw/libconfig_kw.a(mvCpu.o)
 .glue_7t       0x00649b84        0x0 board/mv_feroceon/config_kw/libconfig_kw.a(mvBoardEnvLib.o)
 .glue_7t       0x00649b84        0x0 board/mv_feroceon/config_kw/libconfig_kw.a(mvBoardEnvSpec.o)
 .glue_7t       0x00649b84        0x0 board/mv_feroceon/config_kw/libconfig_kw.a(mv_flash.o)
 .glue_7t       0x00649b84        0x0 board/mv_feroceon/config_kw/libconfig_kw.a(mv_pageTable.o)
 .glue_7t       0x00649b84        0x0 board/mv_feroceon/config_kw/libconfig_kw.a(mv_mon_init.o)
 .glue_7t       0x00649b84        0x0 board/mv_feroceon/config_kw/libconfig_kw.a(mv_pci.o)
 .glue_7t       0x00649b84        0x0 board/mv_feroceon/config_kw/libconfig_kw.a(mv_ide.o)
 .glue_7t       0x00649b84        0x0 board/mv_feroceon/config_kw/libconfig_kw.a(mv_protectionUnit.o)
 .glue_7t       0x00649b84        0x0 board/mv_feroceon/config_kw/libconfig_kw.a(mv_ext2_boot.o)
 .glue_7t       0x00649b84        0x0 board/mv_feroceon/config_kw/libconfig_kw.a(mvCommon.o)
 .glue_7t       0x00649b84        0x0 board/mv_feroceon/config_kw/libconfig_kw.a(mvOs.o)
 .glue_7t       0x00649b84        0x0 board/mv_feroceon/config_kw/libconfig_kw.a(mvFlashCom.o)
 .glue_7t       0x00649b84        0x0 board/mv_feroceon/config_kw/libconfig_kw.a(mvSata.o)
 .glue_7t       0x00649b84        0x0 board/mv_feroceon/config_kw/libconfig_kw.a(mvStorageDev.o)
 .glue_7t       0x00649b84        0x0 board/mv_feroceon/config_kw/libconfig_kw.a(mvSFlash.o)
 .glue_7t       0x00649b84        0x0 board/mv_feroceon/config_kw/libconfig_kw.a(mvEthPhy.o)
 .glue_7t       0x00649b84        0x0 board/mv_feroceon/config_kw/libconfig_kw.a(mvRtc.o)
 .glue_7t       0x00649b84        0x0 board/mv_feroceon/config_kw/libconfig_kw.a(mvTwsi.o)
 .glue_7t       0x00649b84        0x0 board/mv_feroceon/config_kw/libconfig_kw.a(mvGpp.o)
 .glue_7t       0x00649b84        0x0 board/mv_feroceon/config_kw/libconfig_kw.a(mvSpi.o)
 .glue_7t       0x00649b84        0x0 board/mv_feroceon/config_kw/libconfig_kw.a(mvSpiCmnd.o)
 .glue_7t       0x00649b84        0x0 board/mv_feroceon/config_kw/libconfig_kw.a(mvUsb.o)
 .glue_7t       0x00649b84        0x0 board/mv_feroceon/config_kw/libconfig_kw.a(mvXor.o)
 .glue_7t       0x00649b84        0x0 board/mv_feroceon/config_kw/libconfig_kw.a(mvEth.o)
 .glue_7t       0x00649b84        0x0 board/mv_feroceon/config_kw/libconfig_kw.a(mvPciIf.o)
 .glue_7t       0x00649b84        0x0 board/mv_feroceon/config_kw/libconfig_kw.a(mvPex.o)
 .glue_7t       0x00649b84        0x0 board/mv_feroceon/config_kw/libconfig_kw.a(mvTsu.o)
 .glue_7t       0x00649b84        0x0 board/mv_feroceon/config_kw/libconfig_kw.a(mvMD5.o)
 .glue_7t       0x00649b84        0x0 board/mv_feroceon/config_kw/libconfig_kw.a(mvSwitch.o)
 .glue_7t       0x00649b84        0x0 board/mv_feroceon/config_kw/libconfig_kw.a(mvCtrlEnvAddrDec.o)
 .glue_7t       0x00649b84        0x0 board/mv_feroceon/config_kw/libconfig_kw.a(mvSysSata.o)
 .glue_7t       0x00649b84        0x0 board/mv_feroceon/config_kw/libconfig_kw.a(mvPciUtils.o)
 .glue_7t       0x00649b84        0x0 board/mv_feroceon/config_kw/libconfig_kw.a(mvOsSata.o)
 .glue_7t       0x00649b84        0x0 cpu/arm926ejs/libarm926ejs.a(interrupts.o)
 .glue_7t       0x00649b84        0x0 lib_arm/libarm.a(board.o)
 .glue_7t       0x00649b84        0x0 lib_arm/libarm.a(cache.o)
 .glue_7t       0x00649b84        0x0 net/libnet.a(net.o)
 .glue_7t       0x00649b84        0x0 net/libnet.a(tftp.o)
 .glue_7t       0x00649b84        0x0 net/libnet.a(bootp.o)
 .glue_7t       0x00649b84        0x0 net/libnet.a(rarp.o)
 .glue_7t       0x00649b84        0x0 net/libnet.a(eth.o)
 .glue_7t       0x00649b84        0x0 net/libnet.a(rcvr.o)
 .glue_7t       0x00649b84        0x0 disk/libdisk.a(part.o)
 .glue_7t       0x00649b84        0x0 disk/libdisk.a(part_dos.o)
 .glue_7t       0x00649b84        0x0 disk/libdisk.a(part_efi.o)
 .glue_7t       0x00649b84        0x0 drivers/libdrivers.a(cfi_flash.o)
 .glue_7t       0x00649b84        0x0 drivers/libdrivers.a(pci.o)
 .glue_7t       0x00649b84        0x0 drivers/libdrivers.a(pci_auto.o)
 .glue_7t       0x00649b84        0x0 drivers/nand/libnand.a(nand.o)
 .glue_7t       0x00649b84        0x0 drivers/nand/libnand.a(nand_base.o)
 .glue_7t       0x00649b84        0x0 drivers/nand/libnand.a(nand_ids.o)
 .glue_7t       0x00649b84        0x0 drivers/nand/libnand.a(nand_ecc.o)
 .glue_7t       0x00649b84        0x0 drivers/nand/libnand.a(nand_bbt.o)
 .glue_7t       0x00649b84        0x0 drivers/nand/libnand.a(nand_util.o)
 .glue_7t       0x00649b84        0x0 common/libcommon.a(main.o)
 .glue_7t       0x00649b84        0x0 common/libcommon.a(cmd_boot.o)
 .glue_7t       0x00649b84        0x0 common/libcommon.a(cmd_bootm.o)
 .glue_7t       0x00649b84        0x0 common/libcommon.a(cmd_date.o)
 .glue_7t       0x00649b84        0x0 common/libcommon.a(cmd_eeprom.o)
 .glue_7t       0x00649b84        0x0 common/libcommon.a(cmd_ext2.o)
 .glue_7t       0x00649b84        0x0 common/libcommon.a(cmd_flash.o)
 .glue_7t       0x00649b84        0x0 common/libcommon.a(cmd_i2c.o)
 .glue_7t       0x00649b84        0x0 common/libcommon.a(cmd_jffs2.o)
 .glue_7t       0x00649b84        0x0 common/libcommon.a(cmd_mem.o)
 .glue_7t       0x00649b84        0x0 common/libcommon.a(cmd_nand.o)
 .glue_7t       0x00649b84        0x0 common/libcommon.a(cmd_net.o)
 .glue_7t       0x00649b84        0x0 common/libcommon.a(cmd_nvedit.o)
 .glue_7t       0x00649b84        0x0 common/libcommon.a(cmd_pci.o)
 .glue_7t       0x00649b84        0x0 common/libcommon.a(cmd_scsi.o)
 .glue_7t       0x00649b84        0x0 common/libcommon.a(command.o)
 .glue_7t       0x00649b84        0x0 common/libcommon.a(console.o)
 .glue_7t       0x00649b84        0x0 common/libcommon.a(devices.o)
 .glue_7t       0x00649b84        0x0 common/libcommon.a(dlmalloc.o)
 .glue_7t       0x00649b84        0x0 common/libcommon.a(env_common.o)
 .glue_7t       0x00649b84        0x0 common/libcommon.a(env_nand.o)
 .glue_7t       0x00649b84        0x0 common/libcommon.a(exports.o)
 .glue_7t       0x00649b84        0x0 common/libcommon.a(flash.o)
 .glue_7t       0x00649b84        0x0 common/libcommon.a(lists.o)
 .glue_7t       0x00649b84        0x0 lib_generic/libgeneric.a(crc32.o)
 .glue_7t       0x00649b84        0x0 lib_generic/libgeneric.a(ctype.o)
 .glue_7t       0x00649b84        0x0 lib_generic/libgeneric.a(display_options.o)
 .glue_7t       0x00649b84        0x0 lib_generic/libgeneric.a(string.o)
 .glue_7t       0x00649b84        0x0 lib_generic/libgeneric.a(vsprintf.o)
 .glue_7t       0x00649b84        0x0 lib_generic/libgeneric.a(zlib.o)
 .glue_7t       0x00649b84        0x0 board/mv_feroceon/config_kw/libconfig_kw.a(mvCntmr.o)
 .glue_7t       0x00649b84        0x0 board/mv_feroceon/config_kw/libconfig_kw.a(mv_dram.o)
 .glue_7t       0x00649b84        0x0 board/mv_feroceon/config_kw/libconfig_kw.a(mv_serial.o)
 .glue_7t       0x00649b84        0x0 board/mv_feroceon/config_kw/libconfig_kw.a(mv_rtc.o)
 .glue_7t       0x00649b84        0x0 board/mv_feroceon/config_kw/libconfig_kw.a(mv_nand.o)
 .glue_7t       0x00649b84        0x0 board/mv_feroceon/config_kw/libconfig_kw.a(mv_egiga.o)
 .glue_7t       0x00649b84        0x0 board/mv_feroceon/config_kw/libconfig_kw.a(mv_i2c.o)
 .glue_7t       0x00649b84        0x0 board/mv_feroceon/config_kw/libconfig_kw.a(mvDramIf.o)
 .glue_7t       0x00649b84        0x0 board/mv_feroceon/config_kw/libconfig_kw.a(mvUart.o)
 .glue_7t       0x00649b84        0x0 board/mv_feroceon/config_kw/libconfig_kw.a(mvSpd.o)
 .glue_7t       0x00649b84        0x0 cpu/arm926ejs/libarm926ejs.a(cpu.o)
 .glue_7t       0x00649b84        0x0 lib_arm/libarm.a(armlinux.o)
 .glue_7t       0x00649b84        0x0 fs/cramfs/libcramfs.a(cramfs.o)
 .glue_7t       0x00649b84        0x0 fs/cramfs/libcramfs.a(uncompress.o)
 .glue_7t       0x00649b84        0x0 fs/jffs2/libjffs2.a(jffs2_1pass.o)
 .glue_7t       0x00649b84        0x0 fs/jffs2/libjffs2.a(compr_rtime.o)
 .glue_7t       0x00649b84        0x0 fs/jffs2/libjffs2.a(compr_rubin.o)
 .glue_7t       0x00649b84        0x0 fs/jffs2/libjffs2.a(compr_zlib.o)
 .glue_7t       0x00649b84        0x0 fs/jffs2/libjffs2.a(mini_inflate.o)
 .glue_7t       0x00649b84        0x0 fs/ext2/libext2fs.a(ext2fs.o)
 .glue_7t       0x00649b84        0x0 fs/ext2/libext2fs.a(dev.o)
 .glue_7t       0x00649b84        0x0 rtc/librtc.a(date.o)
 .glue_7t       0x00649b84        0x0 drivers/libdrivers.a(ahci.o)
 .glue_7t       0x00649b84        0x0 /opt/devel/proto/marvell/build-eabi/kernel-toolchain/bin/../lib/gcc/arm-none-linux-gnueabi/4.2.1/libgcc.a(_udivsi3.o)
 .glue_7t       0x00649b84        0x0 /opt/devel/proto/marvell/build-eabi/kernel-toolchain/bin/../lib/gcc/arm-none-linux-gnueabi/4.2.1/libgcc.a(_divsi3.o)
 .glue_7t       0x00649b84        0x0 /opt/devel/proto/marvell/build-eabi/kernel-toolchain/bin/../lib/gcc/arm-none-linux-gnueabi/4.2.1/libgcc.a(_ashrdi3.o)
 .glue_7t       0x00649b84        0x0 /opt/devel/proto/marvell/build-eabi/kernel-toolchain/bin/../lib/gcc/arm-none-linux-gnueabi/4.2.1/libgcc.a(_ashldi3.o)
 .glue_7t       0x00649b84        0x0 /opt/devel/proto/marvell/build-eabi/kernel-toolchain/bin/../lib/gcc/arm-none-linux-gnueabi/4.2.1/libgcc.a(_aeabi_uldivmod.o)
 .glue_7t       0x00649b84        0x0 /opt/devel/proto/marvell/build-eabi/kernel-toolchain/bin/../lib/gcc/arm-none-linux-gnueabi/4.2.1/libgcc.a(_dvmd_lnx.o)
 .glue_7t       0x00649b84        0x0 /opt/devel/proto/marvell/build-eabi/kernel-toolchain/bin/../lib/gcc/arm-none-linux-gnueabi/4.2.1/libgcc.a(bpabi.o)
 .glue_7t       0x00649b84        0x0 /opt/devel/proto/marvell/build-eabi/kernel-toolchain/bin/../lib/gcc/arm-none-linux-gnueabi/4.2.1/libgcc.a(_divdi3.o)
 .glue_7t       0x00649b84        0x0 /opt/devel/proto/marvell/build-eabi/kernel-toolchain/bin/../lib/gcc/arm-none-linux-gnueabi/4.2.1/libgcc.a(_udivdi3.o)
 .glue_7t       0x00649b84        0x0 /opt/devel/proto/marvell/build-eabi/kernel-toolchain/bin/../lib/gcc/arm-none-linux-gnueabi/4.2.1/libgcc.a(_clz.o)

.vfp11_veneer   0x00649b84        0x0
 .vfp11_veneer  0x00649b84        0x0 cpu/arm926ejs/start.o
 .vfp11_veneer  0x00649b84        0x0 board/mv_feroceon/USP/jump.o
 .vfp11_veneer  0x00649b84        0x0 board/mv_feroceon/config_kw/libconfig_kw.a(platform.o)
 .vfp11_veneer  0x00649b84        0x0 board/mv_feroceon/config_kw/libconfig_kw.a(mvTwsiEeprom.o)
 .vfp11_veneer  0x00649b84        0x0 board/mv_feroceon/config_kw/libconfig_kw.a(mv_cmd.o)
 .vfp11_veneer  0x00649b84        0x0 board/mv_feroceon/config_kw/libconfig_kw.a(mv_main.o)
 .vfp11_veneer  0x00649b84        0x0 board/mv_feroceon/config_kw/libconfig_kw.a(mvCtrlEnvLib.o)
 .vfp11_veneer  0x00649b84        0x0 board/mv_feroceon/config_kw/libconfig_kw.a(mvAhbToMbus.o)
 .vfp11_veneer  0x00649b84        0x0 board/mv_feroceon/config_kw/libconfig_kw.a(mvCpuIf.o)
 .vfp11_veneer  0x00649b84        0x0 board/mv_feroceon/config_kw/libconfig_kw.a(mvSysXor.o)
 .vfp11_veneer  0x00649b84        0x0 board/mv_feroceon/config_kw/libconfig_kw.a(mvSysDram.o)
 .vfp11_veneer  0x00649b84        0x0 board/mv_feroceon/config_kw/libconfig_kw.a(mvSysGbe.o)
 .vfp11_veneer  0x00649b84        0x0 board/mv_feroceon/config_kw/libconfig_kw.a(mvSysTs.o)
 .vfp11_veneer  0x00649b84        0x0 board/mv_feroceon/config_kw/libconfig_kw.a(mvSysPex.o)
 .vfp11_veneer  0x00649b84        0x0 board/mv_feroceon/config_kw/libconfig_kw.a(mvSysUsb.o)